2026-05-31 17:59:13.827 [info] Extension host with pid 4393 started
2026-05-31 17:59:13.828 [info] Skipping acquiring lock for /root/nyanetic-web/~/.vscode-root/User/workspaceStorage/88256b55d356d3d2fd7742fe47d7559a.
2026-05-31 17:59:13.878 [info] ExtensionService#_doActivateExtension vscode.github-authentication, startup: false, activationEvent: 'onAuthenticationRequest:github'
2026-05-31 17:59:13.911 [info] ExtensionService#_doActivateExtension vscode.emmet, startup: false, activationEvent: 'onLanguage'
2026-05-31 17:59:14.001 [info] ExtensionService#_doActivateExtension vscode.git-base, startup: true, activationEvent: '*'
2026-05-31 17:59:14.005 [info] ExtensionService#_doActivateExtension vscode.npm, startup: true, activationEvent: 'workspaceContains:package.json'
2026-05-31 17:59:14.041 [info] ExtensionService#_doActivateExtension vscode.github, startup: true, activationEvent: '*'
2026-05-31 17:59:14.078 [info] Eager extensions activated
2026-05-31 17:59:14.079 [info] ExtensionService#_doActivateExtension vscode.debug-auto-launch, startup: false, activationEvent: 'onStartupFinished'
2026-05-31 17:59:14.083 [info] ExtensionService#_doActivateExtension vscode.merge-conflict, startup: false, activationEvent: 'onStartupFinished'
2026-05-31 17:59:19.143 [info] ExtensionService#_doActivateExtension vscode.configuration-editing, startup: false, activationEvent: 'onLanguage:json'
2026-05-31 17:59:19.154 [info] ExtensionService#_doActivateExtension vscode.extension-editing, startup: false, activationEvent: 'onLanguage:json'
2026-05-31 17:59:19.180 [info] ExtensionService#_doActivateExtension vscode.json-language-features, startup: false, activationEvent: 'onLanguage:json'
2026-05-31 17:59:52.025 [info] ExtensionService#_doActivateExtension vscode.git, startup: false, activationEvent: 'api', root cause: vscode.github
2026-05-31 18:00:26.474 [info] ExtensionService#_doActivateExtension vscode.terminal-suggest, startup: false, activationEvent: 'onTerminalShellIntegration:*'
2026-05-31 18:01:18.732 [info] Extension host terminating: received terminate message from renderer
2026-05-31 18:01:18.823 [info] Extension host with pid 4393 exiting with code 0
2026-05-31 18:01:19.358 [info] Extension host with pid 6189 started
2026-05-31 18:01:19.358 [info] Skipping acquiring lock for /root/nyanetic-web/~/.vscode-root/User/workspaceStorage/88256b55d356d3d2fd7742fe47d7559a.
2026-05-31 18:01:19.368 [info] ExtensionService#_doActivateExtension vscode.terminal-suggest, startup: false, activationEvent: 'onTerminalShellIntegration:*'
2026-05-31 18:01:19.419 [info] ExtensionService#_doActivateExtension vscode.emmet, startup: false, activationEvent: 'onLanguage'
2026-05-31 18:01:19.433 [info] ExtensionService#_doActivateExtension vscode.configuration-editing, startup: false, activationEvent: 'onLanguage:json'
2026-05-31 18:01:19.444 [info] ExtensionService#_doActivateExtension vscode.extension-editing, startup: false, activationEvent: 'onLanguage:json'
2026-05-31 18:01:19.456 [info] ExtensionService#_doActivateExtension vscode.json-language-features, startup: false, activationEvent: 'onLanguage:json'
2026-05-31 18:01:19.529 [info] ExtensionService#_doActivateExtension vscode.npm, startup: false, activationEvent: 'onLanguage:json'
2026-05-31 18:01:19.800 [info] ExtensionService#_doActivateExtension vscode.git-base, startup: true, activationEvent: '*', root cause: vscode.git
2026-05-31 18:01:19.805 [info] ExtensionService#_doActivateExtension vscode.git, startup: true, activationEvent: '*'
2026-05-31 18:01:19.859 [info] ExtensionService#_doActivateExtension vscode.github, startup: true, activationEvent: '*'
2026-05-31 18:01:19.973 [info] Eager extensions activated
2026-05-31 18:01:20.009 [info] ExtensionService#_doActivateExtension vscode.debug-auto-launch, startup: false, activationEvent: 'onStartupFinished'
2026-05-31 18:01:20.011 [info] ExtensionService#_doActivateExtension vscode.merge-conflict, startup: false, activationEvent: 'onStartupFinished'
2026-05-31 18:01:20.280 [info] ExtensionService#_doActivateExtension vscode.github-authentication, startup: false, activationEvent: 'onAuthenticationRequest:github'
2026-05-31 18:01:37.512 [info] ExtensionService#_doActivateExtension vscode.typescript-language-features, startup: false, activationEvent: 'onLanguage:jsonc'
2026-05-31 18:24:21.854 [info] ExtensionService#_doActivateExtension vscode.media-preview, startup: false, activationEvent: 'onCustomEditor:imagePreview.previewEditor'
2026-05-31 19:36:22.260 [info] ExtensionService#_doActivateExtension vscode.simple-browser, startup: false, activationEvent: 'onOpenExternalUri:http'
2026-05-31 20:12:25.239 [warning] [Decorations] CAPPING events from decorations provider vscode.git 334
2026-05-31 20:12:25.281 [warning] [Decorations] CAPPING events from decorations provider vscode.git 334
2026-05-31 20:12:26.629 [warning] [Decorations] CAPPING events from decorations provider vscode.git 334
2026-05-31 20:12:31.668 [warning] [Decorations] CAPPING events from decorations provider vscode.git 334
2026-05-31 20:12:44.630 [warning] [Decorations] CAPPING events from decorations provider vscode.git 334
2026-05-31 20:12:49.662 [warning] [Decorations] CAPPING events from decorations provider vscode.git 334
2026-05-31 20:12:54.705 [warning] [Decorations] CAPPING events from decorations provider vscode.git 334
2026-05-31 20:12:59.741 [warning] [Decorations] CAPPING events from decorations provider vscode.git 334
2026-05-31 20:13:04.776 [warning] [Decorations] CAPPING events from decorations provider vscode.git 334
2026-05-31 20:13:13.883 [warning] [Decorations] CAPPING events from decorations provider vscode.git 334
2026-05-31 20:13:18.940 [warning] [Decorations] CAPPING events from decorations provider vscode.git 334
2026-05-31 20:13:23.971 [warning] [Decorations] CAPPING events from decorations provider vscode.git 334
2026-05-31 20:13:29.015 [warning] [Decorations] CAPPING events from decorations provider vscode.git 334
2026-05-31 20:13:34.043 [warning] [Decorations] CAPPING events from decorations provider vscode.git 334
2026-05-31 20:13:39.082 [warning] [Decorations] CAPPING events from decorations provider vscode.git 334
2026-05-31 20:13:50.238 [warning] [Decorations] CAPPING events from decorations provider vscode.git 334
2026-05-31 20:13:54.683 [warning] [Decorations] CAPPING events from decorations provider vscode.git 334
2026-05-31 20:13:55.260 [warning] [Decorations] CAPPING events from decorations provider vscode.git 334
2026-05-31 20:14:13.645 [warning] [Decorations] CAPPING events from decorations provider vscode.git 334
2026-05-31 20:14:18.693 [warning] [Decorations] CAPPING events from decorations provider vscode.git 334
2026-05-31 20:14:23.727 [warning] [Decorations] CAPPING events from decorations provider vscode.git 334
2026-05-31 20:14:28.758 [warning] [Decorations] CAPPING events from decorations provider vscode.git 334
2026-05-31 20:14:33.790 [warning] [Decorations] CAPPING events from decorations provider vscode.git 334
2026-05-31 20:14:38.826 [warning] [Decorations] CAPPING events from decorations provider vscode.git 334
2026-05-31 20:14:43.858 [warning] [Decorations] CAPPING events from decorations provider vscode.git 334
2026-05-31 20:14:48.893 [warning] [Decorations] CAPPING events from decorations provider vscode.git 334
2026-05-31 20:14:53.932 [warning] [Decorations] CAPPING events from decorations provider vscode.git 334
2026-05-31 20:14:58.965 [warning] [Decorations] CAPPING events from decorations provider vscode.git 334
2026-05-31 20:15:03.999 [warning] [Decorations] CAPPING events from decorations provider vscode.git 334
2026-05-31 20:15:31.192 [warning] [Decorations] CAPPING events from decorations provider vscode.git 334
2026-05-31 20:15:36.239 [warning] [Decorations] CAPPING events from decorations provider vscode.git 334
2026-05-31 20:15:41.281 [warning] [Decorations] CAPPING events from decorations provider vscode.git 334
2026-05-31 20:15:46.328 [warning] [Decorations] CAPPING events from decorations provider vscode.git 334
2026-05-31 20:15:51.368 [warning] [Decorations] CAPPING events from decorations provider vscode.git 334
2026-05-31 20:15:56.401 [warning] [Decorations] CAPPING events from decorations provider vscode.git 345
2026-05-31 20:15:59.524 [warning] [Decorations] CAPPING events from decorations provider vscode.git 345
2026-05-31 20:16:05.304 [warning] [Decorations] CAPPING events from decorations provider vscode.git 345
2026-05-31 20:16:10.337 [warning] [Decorations] CAPPING events from decorations provider vscode.git 345
2026-05-31 20:16:58.721 [warning] [Decorations] CAPPING events from decorations provider vscode.git 346
2026-05-31 20:17:03.760 [warning] [Decorations] CAPPING events from decorations provider vscode.git 345
2026-05-31 20:17:08.831 [warning] [Decorations] CAPPING events from decorations provider vscode.git 345
2026-05-31 20:17:13.882 [warning] [Decorations] CAPPING events from decorations provider vscode.git 345
2026-05-31 20:17:18.928 [warning] [Decorations] CAPPING events from decorations provider vscode.git 350
2026-05-31 20:17:23.975 [warning] [Decorations] CAPPING events from decorations provider vscode.git 350
2026-05-31 20:17:29.015 [warning] [Decorations] CAPPING events from decorations provider vscode.git 350
2026-05-31 20:17:34.061 [warning] [Decorations] CAPPING events from decorations provider vscode.git 350
2026-05-31 20:17:39.112 [warning] [Decorations] CAPPING events from decorations provider vscode.git 350
2026-05-31 20:17:47.210 [warning] [Decorations] CAPPING events from decorations provider vscode.git 350
2026-05-31 20:17:52.256 [warning] [Decorations] CAPPING events from decorations provider vscode.git 350
2026-05-31 20:17:57.301 [warning] [Decorations] CAPPING events from decorations provider vscode.git 350
2026-05-31 20:18:02.350 [warning] [Decorations] CAPPING events from decorations provider vscode.git 350
2026-05-31 20:18:07.390 [warning] [Decorations] CAPPING events from decorations provider vscode.git 350
2026-05-31 20:18:12.435 [warning] [Decorations] CAPPING events from decorations provider vscode.git 350
2026-05-31 20:18:17.484 [warning] [Decorations] CAPPING events from decorations provider vscode.git 350
2026-05-31 20:18:30.127 [warning] [Decorations] CAPPING events from decorations provider vscode.git 350
2026-05-31 20:18:35.174 [warning] [Decorations] CAPPING events from decorations provider vscode.git 350
2026-05-31 20:18:40.210 [warning] [Decorations] CAPPING events from decorations provider vscode.git 350
2026-05-31 20:18:45.253 [warning] [Decorations] CAPPING events from decorations provider vscode.git 350
2026-05-31 20:18:50.286 [warning] [Decorations] CAPPING events from decorations provider vscode.git 350
2026-05-31 20:18:55.334 [warning] [Decorations] CAPPING events from decorations provider vscode.git 350
2026-05-31 20:19:00.377 [warning] [Decorations] CAPPING events from decorations provider vscode.git 350
2026-05-31 20:19:05.622 [warning] [Decorations] CAPPING events from decorations provider vscode.git 350
2026-05-31 20:19:10.678 [warning] [Decorations] CAPPING events from decorations provider vscode.git 350
2026-05-31 20:19:15.725 [warning] [Decorations] CAPPING events from decorations provider vscode.git 350
2026-05-31 20:19:20.782 [warning] [Decorations] CAPPING events from decorations provider vscode.git 350
2026-05-31 20:19:25.823 [warning] [Decorations] CAPPING events from decorations provider vscode.git 350
2026-05-31 20:19:30.868 [warning] [Decorations] CAPPING events from decorations provider vscode.git 350
2026-05-31 20:19:35.905 [warning] [Decorations] CAPPING events from decorations provider vscode.git 350
2026-05-31 20:20:18.284 [warning] [Decorations] CAPPING events from decorations provider vscode.git 350
2026-05-31 20:20:23.332 [warning] [Decorations] CAPPING events from decorations provider vscode.git 350
2026-05-31 20:20:31.262 [warning] [Decorations] CAPPING events from decorations provider vscode.git 350
2026-05-31 20:20:35.061 [warning] [Decorations] CAPPING events from decorations provider vscode.git 350
2026-05-31 20:20:36.283 [warning] [Decorations] CAPPING events from decorations provider vscode.git 350
2026-05-31 20:20:47.593 [warning] [Decorations] CAPPING events from decorations provider vscode.git 350
2026-05-31 20:20:52.046 [warning] [Decorations] CAPPING events from decorations provider vscode.git 350
2026-05-31 20:25:32.739 [warning] [Decorations] CAPPING events from decorations provider vscode.git 350
