2026-05-31 17:59:14.056 [info] Reading sessions from keychain...
2026-05-31 17:59:14.057 [info] Getting sessions for all scopes...
2026-05-31 17:59:14.057 [info] Got 0 sessions for ...
2026-05-31 17:59:14.057 [info] Getting sessions for all scopes...
2026-05-31 17:59:14.057 [info] Got 0 sessions for ...
2026-05-31 17:59:14.057 [info] Getting sessions for all scopes...
2026-05-31 17:59:14.057 [info] Got 0 sessions for ...
2026-05-31 17:59:14.057 [info] Getting sessions for all scopes...
2026-05-31 17:59:14.057 [info] Got 0 sessions for ...
2026-05-31 17:59:14.079 [info] Getting sessions for all scopes...
2026-05-31 17:59:14.079 [info] Got 0 sessions for ...
2026-05-31 17:59:15.554 [info] Getting sessions for all scopes...
2026-05-31 17:59:15.554 [info] Got 0 sessions for ...
2026-05-31 17:59:18.071 [info] Logging in with 'any' account...
2026-05-31 17:59:18.071 [info] Logging in for the following scopes: read:user repo user:email workflow
2026-05-31 17:59:18.214 [info] Trying with local server... (read:user repo user:email workflow)
2026-05-31 18:00:49.863 [error] User Cancelled
2026-05-31 18:00:54.874 [info] Trying without local server... (read:user repo user:email workflow)
2026-05-31 18:00:56.495 [error] User Cancelled
2026-05-31 18:00:57.377 [info] Logging in with 'any' account...
2026-05-31 18:00:57.377 [info] Logging in for the following scopes: read:user repo user:email workflow
2026-05-31 18:00:57.403 [info] Trying with local server... (read:user repo user:email workflow)
2026-05-31 18:01:00.109 [error] User Cancelled
2026-05-31 18:01:01.514 [info] Logging in with 'any' account...
2026-05-31 18:01:01.514 [info] Logging in for the following scopes: read:user repo user:email workflow
2026-05-31 18:01:01.572 [info] Trying with local server... (read:user repo user:email workflow)
2026-05-31 18:01:03.184 [error] User Cancelled
2026-05-31 18:01:03.990 [info] Logging in with 'any' account...
2026-05-31 18:01:03.990 [info] Logging in for the following scopes: read:user repo user:email workflow
2026-05-31 18:01:04.034 [info] Trying with local server... (read:user repo user:email workflow)
2026-05-31 18:01:04.891 [error] User Cancelled
2026-05-31 18:01:05.700 [info] Logging in with 'any' account...
2026-05-31 18:01:05.700 [info] Logging in for the following scopes: read:user repo user:email workflow
2026-05-31 18:01:05.750 [info] Trying with local server... (read:user repo user:email workflow)
2026-05-31 18:01:06.399 [error] User Cancelled
2026-05-31 18:01:10.738 [info] Trying without local server... (read:user repo user:email workflow)
2026-05-31 18:01:20.344 [info] Reading sessions from keychain...
2026-05-31 18:01:20.344 [info] Getting sessions for all scopes...
2026-05-31 18:01:20.344 [info] Got 0 sessions for ...
2026-05-31 18:01:20.344 [info] Getting sessions for all scopes...
2026-05-31 18:01:20.344 [info] Got 0 sessions for ...
2026-05-31 18:01:20.344 [info] Getting sessions for all scopes...
2026-05-31 18:01:20.344 [info] Got 0 sessions for ...
2026-05-31 18:01:20.444 [info] Getting sessions for all scopes...
2026-05-31 18:01:20.444 [info] Got 0 sessions for ...
2026-05-31 18:01:20.444 [info] Getting sessions for all scopes...
2026-05-31 18:01:20.444 [info] Got 0 sessions for ...
2026-05-31 18:01:37.557 [info] Logging in with 'any' account...
2026-05-31 18:01:37.557 [info] Logging in for the following scopes: read:user repo user:email workflow
2026-05-31 18:01:37.659 [info] Trying with local server... (read:user repo user:email workflow)
2026-05-31 18:03:10.233 [error] User Cancelled
2026-05-31 18:09:26.266 [info] Logging in with 'any' account...
2026-05-31 18:09:26.266 [info] Logging in for the following scopes: read:user repo user:email workflow
2026-05-31 18:09:26.267 [info] Trying with local server... (read:user repo user:email workflow)
2026-05-31 18:11:16.157 [error] User Cancelled
2026-05-31 18:11:24.314 [info] Logging in with google,  'any' account...
2026-05-31 18:11:24.314 [info] Logging in for the following scopes: read:user repo user:email workflow
2026-05-31 18:11:24.321 [info] Trying with local server... (read:user repo user:email workflow)
2026-05-31 18:11:35.705 [error] User Cancelled
2026-05-31 18:11:38.358 [info] Trying without local server... (read:user repo user:email workflow)
2026-05-31 18:11:39.785 [error] User Cancelled
